// Jest Snapshot v1, https://goo.gl/fbAQLP

exports[`лабиринт - перемещение игрока к закрытой двери без ключа 1`] = `"Ты поворачиваешь направо, затем снова поворачиваешь направо, идешь прямо, поворачиваешь налево, идешь прямо и оказываешься в тупике. Прямо от тебя закрытая дверь, от которой у тебя нет ключа."`;

exports[`лабиринт - перемещение игрока к закрытой двери с ключом 1`] = `
"Ты поворачиваешь направо, затем снова поворачиваешь направо, идешь прямо, поворачиваешь налево, идешь 2 шага прямо (открываешь ключом и проходишь закрытую дверь) и оказываешься в тупике.
Под ногами ты находишь ключ."
`;

exports[`лабиринт - перемещение игрока на стартовую локацию 1`] = `"Ты идешь 2 шага прямо, поворачиваешь налево, поворачиваешь направо, идешь прямо и выходишь на развилку."`;
